Starting Spices Shop API End-to-End Test...
DEBUG: Calling initialize_erpnext_defaults...

>>> Initializing ERPNext Defaults (Master Data)
Creating Warehouse Type 'Transit'...
Creating Root Item Group 'All Item Groups'...
DEBUG: Check Company 'Paint Shop Ltd' -> 404
Creating Company 'Paint Shop Ltd'...
DEBUG: Check IG 'Raw Material' -> 404
Creating Item Group 'Raw Material'...
DEBUG: Check IG 'Spices' -> 404
Creating Item Group 'Spices'...
DEBUG: Check UOM 'Kg' -> 200
DEBUG: Check UOM 'Nos' -> 200
DEBUG: Init returned.

>>> Login as Super Admin
FAILED: 401 - {"detail":"Invalid credentials"}
Using fallback flow or checking if tenant creation is open...

>>> Creating Tenant 'Spices Shop Test'
Tenant Created!

>>> Logging in as Spices Admin
Logged in. Tenant ID: b5abc447-a999-412f-ba07-5ee3c4f3592b

>>> Creating Warehouses
Creating Thika Warehouse...
Creating Nairobi Warehouse...
Creating Ruiru Warehouse...

>>> Creating Items
Creating SPICE-CIN-BULK...
Creating SPICE-CIN-100G...

>>> Inviting Cashier

>>> Verifying Data in Real ERPNext
Items in Simulator (Tenant b5abc447-a999-412f-ba07-5ee3c4f3592b): ['SPICE-CIN-100G', 'SPICE-CIN-BULK']
SUCCESS: Item SPICE-CIN-BULK found.

Test Complete.
